Recommendation sync: 1 account(s).
Cover 9746e7b9-4edd-457b-8fd9-e74cdfc6739b: available
Cover 6c7a6673-3ae6-4df5-a93a-cb5b3f071696: available
Cover 04149bf4-7fed-4352-ae06-7281712605fc: available
Cover d9ca6f09-27bc-4f63-a69a-235c05d32f4f: available
Cover 01c4a277-96fa-45df-8e4d-19625fde1fcf: available
Cover 32b01dce-ff37-4fef-bc7f-f6f2887574c8: available
Cover b95afc4d-45a4-46d5-bc36-dd40a1f31822: available
Cover 9ec93d9e-68d9-4743-8a64-f0a4bcc1dfef: available
Cover 435cf1e7-5110-40e9-b703-ab7a907328c2: available
Cover 57d028f9-3cec-4e85-aeea-80cb60316b6e: available
Cover e6296de1-b7db-46bb-83d7-a6ec132b59e5: available
Cover b7b9d1dc-60ea-4f77-b43b-bd6cf84fde43: available
Cover 8f1581ed-e1c5-4b17-b3a9-e052483dfbbb: available
Cover 245ff0b2-ea29-4ab0-ab4b-66a7364e86bd: available
Cover d76b0afb-6907-4f17-b6f8-f6326aa8a073: available
Cover dc42b96e-5613-4903-843c-76cb1f4b4c9c: available
Cover 32e8d378-a057-4d84-a8db-0e71acc8d2e9: available
Cover 3bc54f6d-c757-4df4-b9c9-235d41566182: available
Cover 31c1fc09-a4da-40a3-8a6e-36bf9b11f1ec: available
Cover bd5dce99-599b-44d9-8338-e57fc1381f33: available
Cover e28bfd67-f0bd-4582-863a-890c9fde126e: available
Cover 5fc9fa6c-cd35-49ab-82c7-0cbe7e5a41b6: available
Cover 17ad5dad-e882-4a3c-bb1f-f4ea3c41fd4a: available
Cover 38e6b934-dcb8-4e5c-b36e-c6f778a250e4: available
Cover 9afccbbb-37ae-4bb7-944c-d8f47497fe7b: available
Cover 8ef65d4a-c77b-4453-ad0b-f77090115b27: available
Cover 614136dc-57e9-454b-8a4c-b4bf19ab6897: available
Cover 0672fc37-dda6-4c0b-abeb-3f46f207b5ce: available
Cover 58f1a9f3-947f-494e-9277-12ec36df5a7e: available
Cover e8c455f2-7545-44ac-b98b-1d7331c5f07d: available
Cover 3a22355f-2aa8-438d-a816-3afb6b632ac5: available
Cover 4c2c0290-669a-49cf-857b-bdaca3eb527b: available
Cover d91bdf6c-aa1e-47a5-a8fb-f423bcad1f30: available
Cover 1d381420-f3e6-48bf-b078-de484108d38b: available
Cover 9ae91f92-4aee-45db-8d59-44d69482a682: available
Cover 9ddadb9a-487a-4984-be56-cf0e55067eca: available
Cover 163e5f94-fce1-460f-aa94-13623d576e5c: available
Cover 7a0fec93-16fd-41ad-ae34-294868794c36: available
Cover f71031da-13a1-4acf-9f54-7e5b005c304e: available
Cover dc6679eb-fd14-48ef-9a4f-f1d6f99b1ba2: available
Cover 97c556e5-8c08-4a03-9a04-5ed5d450b2df: available
Cover 9972a9c0-7c6c-4efc-97ee-99c3fbc00711: available
Cover 0d863634-de75-422f-9010-86b1ee4d8bee: available
Cover 1b68d4a8-1e61-4e94-b3fa-32d08c5d5819: available
Cover 9a7dbc98-1ce4-4210-8127-1e63d78f8fed: available
Cover cb451404-b10c-497e-94ad-320e17bfec0c: available
Cover d336dde2-8261-44b3-a537-ab55a584504b: available
Cover f1467d65-6a00-4003-a792-941f6c61c16b: available
Cover db8d7152-d10f-4d02-9bec-f5925c59e577: available
Cover 93392198-782f-45a7-a6e3-b7fe58e00f12: available
Cover 68120361-a544-45fd-981b-33199375c1d4: available
Cover 307c6064-2a6f-4448-8293-2d4d95000c8e: available
Cover 54ad2351-97c1-4453-ba88-ddbfb23aab3c: available
Cover f2ec7ab9-ed51-4f69-b892-5f8313558b83: available
Cover 5c953aff-6c89-47e9-81e4-5a9baa2e12a5: available
Cover 72521c81-02bd-46ae-ac5b-5c456950fa20: available
Cover 2fc09fce-0a72-4073-b6a7-479a2d5a9dd6: available
Cover efd7460e-8082-45fe-8004-6bd989ad4905: available
Cover 143804b0-0aad-4e50-8098-fecedb690eaf: available
Cover 55908422-414a-4be2-b9ba-ad4f9a16cf97: available
Cover a01d9218-b2fe-459d-ba90-0fbec75e0208: available
Cover 1b4ae20c-13d0-4049-9d3f-914946aebd9f: available
Cover 30fa0536-64a6-43e8-b759-5ba99d1db55e: available
Cover b04927fc-3e19-4834-bbd9-385b1bf7e0b6: available
Cover 268cd0a8-9e93-4de1-b285-03838263ff00: available
Cover d23a4df7-c733-49ab-9518-d3f1b646966b: available
Cover 5c98ec6e-5894-4cdc-837c-c6c4dd5a86cd: available
Cover 2023e2a3-a961-4132-b7ef-aeaff8cf046f: available
Cover 1ba40910-2a79-4c6f-b028-465e7b27d3be: available
Cover 5c1876df-a53a-4cde-bfb3-007711b4010d: available
Cover 15b95672-9eab-4898-8fb4-44164f9b615e: available
Cover d990642f-159a-4390-9ac3-f4a5fd81ee2c: available
Cover fc3316f8-b40f-47ef-aa8f-0e56a3de24fe: available
Cover 3bedad96-5bc8-44fb-9026-aaa46419845f: available
Cover 5d6aad20-67b8-4158-8c3d-921eee0b2ffb: available
Cover a17777fb-396f-4f39-93fe-23ade612e48b: available
Cover 3caf054c-eaeb-4c70-a3bd-b9dfb71d488d: available
Cover 43d5f99e-fc32-48b8-95a3-3395647af5e7: available
Cover 2f6d41f3-2e56-4722-9e0b-6a0d4b9b1cba: available
Cover 6ed2c403-fae9-4fa7-914a-7e40f0406f65: available
Public recommendation catalog refreshed: 9698 series.
